// Jest Snapshot v1, https://goo.gl/fbAQLP

exports[`SSR input 1`] = `"<wc-test-foo><input class=\\"test-hello2\\"/></wc-test-foo>"`;

exports[`SSR input 2`] = `"<style data-castella-styled=\\"test-hello2\\">.test-hello2 {color: red}</style><script>var __REACT_WC__={c:()=>class E extends HTMLElement{constructor(){super();this.attachShadow({mode:\\"open\\"}).appendChild(E.template.cloneNode(true))}refresh(){let c,s=this.shadowRoot;if(s){while(c=s.firstChild)s.removeChild(c);s.appendChild(E.template.cloneNode(true))}}},p:(t,d)=>{return d=document.createElement(\\"div\\"),d.insertAdjacentHTML(\\"afterbegin\\",t),t=document.createDocumentFragment(),t.appendChild(...d.childNodes),t}};customElements.define(\\"wc-test-foo\\",(E=>(E.template=__REACT_WC__.p(\\"\\\\n          <style>\\\\n            div {\\\\n              font-size: 100px;\\\\n            }\\\\n          </style>\\\\n          <div><slot></slot></div>\\\\n      \\"),E))(__REACT_WC__.c()));</script>"`;
